
> cow-or-king_cafe@0.1.0 build
> next build

Attention: Next.js now collects completely anonymous telemetry regarding usage.
This information is used to shape Next.js' roadmap and prioritize features.
You can learn more, including how to opt-out if you'd not like to participate in this anonymous program, by visiting the following URL:
https://nextjs.org/telemetry

  ▲ Next.js 14.2.17
  - Environments: .env.local

   Creating an optimized production build ...
Failed to fetch font `Figtree`.
URL: https://fonts.googleapis.com/css2?family=Figtree:wght@300;400;500;600;700;800;900&display=swap

Please check if the network is available.

Retrying 1/3...
 ⚠ For production Image Optimization with Next.js, the optional 'sharp' package is strongly recommended. Run 'npm i sharp', and Next.js will use it automatically for Image Optimization.
Read more: https://nextjs.org/docs/messages/sharp-missing-in-production
Failed to fetch font `Figtree`.
URL: https://fonts.googleapis.com/css2?family=Figtree:wght@300;400;500;600;700;800;900&display=swap

Please check if the network is available.

Retrying 2/3...
Failed to fetch font `Figtree`.
URL: https://fonts.googleapis.com/css2?family=Figtree:wght@300;400;500;600;700;800;900&display=swap

Please check if the network is available.

Retrying 3/3...
Error [NextFontError]: Failed to fetch font `Figtree`.
URL: https://fonts.googleapis.com/css2?family=Figtree:wght@300;400;500;600;700;800;900&display=swap

Please check if the network is available.
    at nextFontError (/home/user/bt-coworking-cafe/node_modules/next/dist/compiled/@next/font/dist/next-font-error.js:8:17)
    at /home/user/bt-coworking-cafe/node_modules/next/dist/compiled/@next/font/dist/google/fetch-css-from-google-fonts.js:58:53
    at process.processTicksAndRejections (node:internal/process/task_queues:105:5)
    at async retry (/home/user/bt-coworking-cafe/node_modules/next/dist/compiled/@next/font/dist/google/retry.js:11:12)
    at async fetchCSSFromGoogleFonts (/home/user/bt-coworking-cafe/node_modules/next/dist/compiled/@next/font/dist/google/fetch-css-from-google-fonts.js:38:23)
    at async nextFontGoogleFontLoader (/home/user/bt-coworking-cafe/node_modules/next/dist/compiled/@next/font/dist/google/loader.js:76:15)
    at async Span.traceAsyncFn (/home/user/bt-coworking-cafe/node_modules/next/dist/trace/trace.js:154:20)
    at async /home/user/bt-coworking-cafe/node_modules/next/dist/build/webpack/loaders/next-font-loader/index.js:76:87
    at async Span.traceAsyncFn (/home/user/bt-coworking-cafe/node_modules/next/dist/trace/trace.js:154:20)
Failed to compile.

src/app/dashboard/layout.tsx
`next/font` error:
Failed to fetch `Figtree` from Google Fonts.

./src/app/(site)/project-details/page.tsx
Module not found: Can't resolve '@/components/pageTitle'

https://nextjs.org/docs/messages/module-not-found

./src/app/dashboard/(admin)/layout.tsx
Module not found: Can't resolve '@/components/dashboard/layout/footer'

https://nextjs.org/docs/messages/module-not-found

./src/components/site/about/aboutTwo.tsx
Module not found: Can't resolve '../site/partner'

https://nextjs.org/docs/messages/module-not-found

Import trace for requested module:
./src/app/(site)/home-2/page.tsx

./src/components/site/siteOverview.tsx
Module not found: Can't resolve '../about/aboutCounter'

https://nextjs.org/docs/messages/module-not-found

Import trace for requested module:
./src/app/(site)/home-2/page.tsx


> Build failed because of webpack errors
